


ARM Macro Assembler    Page 1 


    1 00000000         ;
    2 00000000         ; Program ASM_NewProject
    3 00000000         ; Testing the board for electronicLab
    4 00000000         ; Written By: srivera & company
    5 00000000         ; October 2018
    6 00000000         ;
    7 00000000         ; Constants
    8 00000000 00000004 
                       P       EQU              0x4
    9 00000000 00000003 
                       Q       EQU              0x3
   10 00000000 00000000 
                       R       EQU              0x0
   11 00000000         
   12 00000000         ; Program Section
   13 00000000                 AREA             main, CODE, READONLY
   14 00000000                 THUMB
   15 00000000                 EXPORT           __main
   16 00000000         
   17 00000000         __main
   18 00000000 F04F 0004       MOV              r0, #4
   19 00000004 F04F 0104       MOV              r1, #P
   20 00000008 EB00 0201       ADD              r2,r0,r1
   21 0000000C         
   22 0000000C         __loop
   23 0000000C E7FE            B                __loop
   24 0000000E                 END
Command Line: --debug --xref --diag_suppress=9931 --cpu=Cortex-M4.fp --apcs=int
erwork --depend=.\objects\asm_newproject.d -o.\objects\asm_newproject.o -I.\RTE
\_Target_1 -IC:\Keil_v5\ARM\PACK\ARM\CMSIS\5.4.0\CMSIS\Core\Include -IC:\Keil_v
5\ARM\PACK\ARM\CMSIS\5.4.0\CMSIS\DSP\Include -IC:\Keil_v5\ARM\PACK\Keil\STM32F4
xx_DFP\2.13.0\Drivers\CMSIS\Device\ST\STM32F4xx\Include --predefine="__EVAL SET
A 1" --predefine="__UVISION_VERSION SETA 525" --predefine="_RTE_ SETA 1" --pred
efine="STM32F401xC SETA 1" --list=.\listings\asm_newproject.lst ASM_NewProject.
s



ARM Macro Assembler    Page 1 Alphabetic symbol ordering
Relocatable symbols

__loop 0000000C

Symbol: __loop
   Definitions
      At line 22 in file ASM_NewProject.s
   Uses
      At line 23 in file ASM_NewProject.s
Comment: __loop used once
__main 00000000

Symbol: __main
   Definitions
      At line 17 in file ASM_NewProject.s
   Uses
      At line 15 in file ASM_NewProject.s
Comment: __main used once
main 00000000

Symbol: main
   Definitions
      At line 13 in file ASM_NewProject.s
   Uses
      None
Comment: main unused
3 symbols



ARM Macro Assembler    Page 1 Alphabetic symbol ordering
Absolute symbols

P 00000004

Symbol: P
   Definitions
      At line 8 in file ASM_NewProject.s
   Uses
      At line 19 in file ASM_NewProject.s
Comment: P used once
Q 00000003

Symbol: Q
   Definitions
      At line 9 in file ASM_NewProject.s
   Uses
      None
Comment: Q unused
R 00000000

Symbol: R
   Definitions
      At line 10 in file ASM_NewProject.s
   Uses
      None
Comment: R unused
3 symbols
341 symbols in table
